// Jest Snapshot v1, https://goo.gl/fbAQLP

exports[`AuthTabs component should render AuthTabs component 1`] = `ShallowWrapper {}`;
